// Jest Snapshot v1, https://goo.gl/fbAQLP

exports[`Modal component matches snapshot 1`] = `
<DocumentFragment>
  <div
    class="modalBackdrop"
  >
    <div
      class="modalContainer"
    >
      <h3
        class="modalTitle"
      >
        Park Bench
      </h3>
      <img
        alt="current category"
      />
      <p>
        lorem ipsum
      </p>
      <button
        ntype="button"
      >
        Close this modal
      </button>
    </div>
  </div>
</DocumentFragment>
`;
